// Jest Snapshot v1, https://goo.gl/fbAQLP

exports[`should render Movie correctly Snapshot test 1`] = `
<article
  className="movie-container"
>
  <header
    className="header-section"
  >
    <Title />
  </header>
  <section
    className="movie-poster"
  >
    <img
      alt="Don't miss the climax"
      className="movie-img"
      src="https://image.tmdb.org/t/p/w500/3kcEGnYBHDeqmdYf8ZRbKdfmlUy.jpg"
    />
    <div
      className="movie-detail"
    >
      <span
        className="movie-title"
      >
        FIFTY SHADES FREED
      </span>
      <span
        className="movie-genres"
      >
        Drama & Romance
      </span>
      <div>
        <span
          className="movie-year"
        >
          2018-02-07
        </span>
        <span
          className="movie-length"
        >
          106 min
        </span>
      </div>
      <p
        className="movie-description"
      >
        Believing they have left behind shadowy figures from their past, newlyweds Christian and Ana fully embrace an inextricable connection and shared life of luxury. But just as she steps into her role as Mrs. Grey and he relaxes into an unfamiliar stability, new threats could jeopardize their happy ending before it even begins.
      </p>
    </div>
  </section>
  <Content
    movies={
      Array [
        Object {
          "budget": 55000000,
          "genres": Array [
            "Drama",
            "Romance",
          ],
          "id": 337167,
          "overview": "Believing they have left behind shadowy figures from their past, newlyweds Christian and Ana fully embrace an inextricable connection and shared life of luxury. But just as she steps into her role as Mrs. Grey and he relaxes into an unfamiliar stability, new threats could jeopardize their happy ending before it even begins.",
          "poster_path": "https://image.tmdb.org/t/p/w500/3kcEGnYBHDeqmdYf8ZRbKdfmlUy.jpg",
          "release_date": "2018-02-07",
          "revenue": 136906000,
          "runtime": 106,
          "tagline": "Don't miss the climax",
          "title": "Fifty Shades Freed",
          "vote_average": 6.1,
          "vote_count": 1195,
        },
      ]
    }
  />
  <Footer />
</article>
`;
