// Jest Snapshot v1, https://goo.gl/fbAQLP

exports[`should render Search correctly Snapshot test 1`] = `
<Search>
  <section
    className="search-section"
  >
    <h4
      className="white-text"
    >
      FIND YOUR MOVIE
    </h4>
    <input
      className="white-text search-title"
      placeholder="Enter title"
      type="text"
    />
    <div
      className="search-container"
    >
      <div
        className="search-selection"
      >
        <label
          className="white-text"
        >
          SEARCH BY
        </label>
        <button
          className="white-text"
          id="title-btn"
        >
          TITLE
        </button>
        <button
          className="white-text"
          id="genre-btn"
        >
          GENRE
        </button>
      </div>
      <button
        className="white-text"
      >
        SEARCH
      </button>
    </div>
  </section>
</Search>
`;
